onnxruntime cpuid_info warning: Unknown CPU vendor. cpuinfo_vendor value: 0
[0;93m2026-07-03 03:33:03.028446000 [W:onnxruntime:Default, device_discovery.cc:283 GetGpuDevices] Failed to detect devices under "/sys/class/drm/card0": device_discovery.cc:93 ReadFileContents Failed to open file: "/sys/class/drm/card0/device/vendor"[m
{
  "arch_ref": "x86_64",
  "arch_here": "aarch64",
  "golden_v2_a2_pass_all_modes": true,
  "feature_hash_equal": {
    "legacy": true,
    "fast": true,
    "fast_marisa": true
  },
  "models": {
    "dt12": {
      "labels_array_equal": true,
      "probas_allclose_rtol1e-3": true,
      "probas_max_abs_delta": 0.0
    },
    "rf_pruned": {
      "labels_array_equal": true,
      "probas_allclose_rtol1e-3": true,
      "probas_max_abs_delta": 0.0
    }
  },
  "PASS": true
}
